// Jest Snapshot v1, https://goo.gl/fbAQLP

exports[`Gallery markup is rendered as expected 1`] = `
"
      <div class=\\"smb-gallery-mobile\\">
      
      <div class=\\"smb-gallery-item\\">
        
          <h2>Headline 1</h2>
          <div class=\\"smb-gallery-media ImageObject\\">
            
        
          <div class=\\"embed-responsive\\" style=\\"padding-bottom: 50%\\">
            <img class=\\"embed-responsive-item lazyload\\" data-src=\\"//static.kino.de/wp-content/uploads/2018/05/geplante-star-wars-filme-7-rcm480x0u.jpg\\" alt=\\"\\">
          </div>
        
      
            <div class=\\"smb-gallery-info\\">
            
              <small>Bildquelle: Disney</small>
            
              <small>1 / undefined</small>
            </div>
          </div>
          <div class=\\"smb-gallery-content\\">
            Description 1
          </div>
          <div class=\\"smb-gallery-ed-container\\">
            <div data-slotname=\\"galleryad\\"></div>
          </div>
        </div><div class=\\"smb-gallery-item\\">
        
          <h2>Headline 2</h2>
          <div class=\\"smb-gallery-media SocialMediaPosting\\">
            <div data-role=\\"embedo\\" data-url=\\"https://www.instagram.com/p/BcigIN3DAqE\\"></div>
            <div class=\\"smb-gallery-info\\">
            <small></small>
              <small>2 / undefined</small>
            </div>
          </div>
          <div class=\\"smb-gallery-content\\">
            Description 2
          </div>
          <div class=\\"smb-gallery-ed-container\\">
            <div data-slotname=\\"galleryad2\\"></div>
          </div>
        </div><div class=\\"smb-gallery-item\\">
        
          <h2>Headline 3</h2>
          <div class=\\"smb-gallery-media VideoObject\\">
            
        
          <div class=\\"embed-responsive embed-responsive-16by9\\">
            <iframe allowfullscreen class=\\"embed-responsive-item lazyload\\" data-src=\\"https://videos.kino.de/embed/1143168447\\"></iframe>
          </div>
        
      
            <div class=\\"smb-gallery-info\\">
            <small></small>
              <small>3 / undefined</small>
            </div>
          </div>
          <div class=\\"smb-gallery-content\\">
            Description 3
          </div>
          <div class=\\"smb-gallery-ed-container\\">
            <div data-slotname=\\"galleryad3\\"></div>
          </div>
        </div>
    </div>
  "
`;
